
> audit:canonical-viewports
> node scripts/audit-canonical-viewports.mjs

OK — 404.html 1920×1080
OK — about.html 1920×1080
OK — admin-images.html 1920×1080
OK — admin.html 1920×1080
OK — cambios-devoluciones.html 1920×1080
OK — catalogo.html 1920×1080
OK — checkout.html 1920×1080
OK — collections.html 1920×1080
OK — contact.html 1920×1080
OK — envios.html 1920×1080
OK — index.html 1920×1080
OK — login.html 1920×1080
OK — nosotros.html 1920×1080
OK — perfil.html 1920×1080
OK — preguntas-frecuentes.html 1920×1080
OK — privacidad.html 1920×1080
OK — product.html 1920×1080
OK — terminos.html 1920×1080
OK — 404.html 1440×900
OK — about.html 1440×900
OK — admin-images.html 1440×900
OK — admin.html 1440×900
OK — cambios-devoluciones.html 1440×900
OK — catalogo.html 1440×900
OK — checkout.html 1440×900
OK — collections.html 1440×900
OK — contact.html 1440×900
OK — envios.html 1440×900
OK — index.html 1440×900
OK — login.html 1440×900
OK — nosotros.html 1440×900
OK — perfil.html 1440×900
OK — preguntas-frecuentes.html 1440×900
OK — privacidad.html 1440×900
OK — product.html 1440×900
OK — terminos.html 1440×900
OK — 404.html 1280×720
OK — about.html 1280×720
OK — admin-images.html 1280×720
OK — admin.html 1280×720
OK — cambios-devoluciones.html 1280×720
OK — catalogo.html 1280×720
OK — checkout.html 1280×720
OK — collections.html 1280×720
OK — contact.html 1280×720
OK — envios.html 1280×720
OK — index.html 1280×720
OK — login.html 1280×720
OK — nosotros.html 1280×720
OK — perfil.html 1280×720
OK — preguntas-frecuentes.html 1280×720
OK — privacidad.html 1280×720
OK — product.html 1280×720
OK — terminos.html 1280×720
OK — 404.html 1024×768
OK — about.html 1024×768
OK — admin-images.html 1024×768
OK — admin.html 1024×768
OK — cambios-devoluciones.html 1024×768
OK — catalogo.html 1024×768
OK — checkout.html 1024×768
OK — collections.html 1024×768
OK — contact.html 1024×768
OK — envios.html 1024×768
OK — index.html 1024×768
OK — login.html 1024×768
OK — nosotros.html 1024×768
OK — perfil.html 1024×768
OK — preguntas-frecuentes.html 1024×768
OK — privacidad.html 1024×768
OK — product.html 1024×768
OK — terminos.html 1024×768
OK — 404.html 768×1024
OK — about.html 768×1024
OK — admin-images.html 768×1024
OK — admin.html 768×1024
OK — cambios-devoluciones.html 768×1024
OK — catalogo.html 768×1024
OK — checkout.html 768×1024
OK — collections.html 768×1024
OK — contact.html 768×1024
OK — envios.html 768×1024
OK — index.html 768×1024
OK — login.html 768×1024
OK — nosotros.html 768×1024
OK — perfil.html 768×1024
OK — preguntas-frecuentes.html 768×1024
OK — privacidad.html 768×1024
OK — product.html 768×1024
OK — terminos.html 768×1024
OK — 404.html 390×844
OK — about.html 390×844
OK — admin-images.html 390×844
OK — admin.html 390×844
OK — cambios-devoluciones.html 390×844
OK — catalogo.html 390×844
OK — checkout.html 390×844
OK — collections.html 390×844
OK — contact.html 390×844
OK — envios.html 390×844
OK — index.html 390×844
OK — login.html 390×844
OK — nosotros.html 390×844
OK — perfil.html 390×844
OK — preguntas-frecuentes.html 390×844
OK — privacidad.html 390×844
OK — product.html 390×844
OK — terminos.html 390×844
OK — 404.html 320×568
OK — about.html 320×568
OK — admin-images.html 320×568
OK — admin.html 320×568
OK — cambios-devoluciones.html 320×568
OK — catalogo.html 320×568
OK — checkout.html 320×568
OK — collections.html 320×568
OK — contact.html 320×568
OK — envios.html 320×568
OK — index.html 320×568
OK — login.html 320×568
OK — nosotros.html 320×568
OK — perfil.html 320×568
OK — preguntas-frecuentes.html 320×568
OK — privacidad.html 320×568
OK — product.html 320×568
OK — terminos.html 320×568

Resultado canónico: 126/126 combinaciones correctas.
